// Jest Snapshot v1, https://goo.gl/fbAQLP

exports[`<AmountField /> matches snapshot 1`] = `
<input
  class="sc-bqGHjH bZbIfE"
  id="amountField"
  label="Kwota pożyczki"
  max="10000"
  min="300"
  name="name"
  step="100"
  type="text"
  value="2000"
/>
`;

exports[`<AmountField /> matches snapshot with label 1`] = `
<div>
  <form
    action="#"
    class="sc-fujyUd lIvqK"
    id="testForm"
  >
    <input
      class="sc-iCoHVE gEjxKq"
      form="[object Object]"
    />
    <div
      class="sc-pNWxx iTQnTB"
    >
      <div
        class="sc-jrsJCI gRaWaU"
      >
        <label
          for="name"
        >
          Test
        </label>
        <div
          class="sc-dIsAE esAFLE"
        >
          <input
            class="sc-bqGHjH bZbIfE"
            id="amountField"
            label="Test"
            max="10000"
            min="300"
            name="name"
            step="100"
            type="text"
            value="2000"
          />
          <span
            class="sc-fFSRdu bULHRF"
          >
            PLN
          </span>
        </div>
      </div>
      <div
        class="sc-iemXMA ijBKWi"
      >
        <div
          aria-orientation="horizontal"
          aria-valuemax="10000"
          aria-valuemin="300"
          aria-valuenow="2000"
          class="rangeslider rangeslider-horizontal"
        >
          <div
            class="rangeslider__fill"
            style="width: 0px;"
          />
          <div
            class="rangeslider__handle"
            style="left: 0px;"
            tabindex="0"
          >
            <div
              class="rangeslider__handle-label"
            />
          </div>
          <ul
            class="rangeslider__labels"
          />
        </div>
      </div>
      <div
        class="sc-jrsJCI gRaWaU"
      >
        <span
          class="sc-hBMVcZ kVKZky"
        >
          Min. 
          300
           
          zł
        </span>
        <span
          class="sc-hBMVcZ kVKZky"
        >
          Max. 
          10000
           
          zł
        </span>
      </div>
    </div>
  </form>
</div>
`;
