// Jest Snapshot v1, https://goo.gl/fbAQLP

exports[`<CheckboxField /> matches snapshot 1`] = `
<input
  class="sc-crrsfI ljDaNc"
  id="checkboxField"
  name="checkbox_field"
  type="checkbox"
  value="false"
/>
`;

exports[`<CheckboxField /> matches snapshot with label 1`] = `
<div>
  <form
    action="#"
    class="sc-fubCfw clDFWv"
    id="testForm"
  >
    <div
      class="sc-pFZIQ kFwajQ"
    >
      <label
        class="sc-kstrdz irJNIW"
      >
        <div
          class="sc-kEjbxe kzwsDs"
        >
          <input
            class="sc-crrsfI ljDaNc"
            id="checkboxField"
            label="Test"
            name="checkbox_field"
            type="checkbox"
            value="false"
          />
          <div
            class="sc-dQppl fMeTOd"
          >
            <svg
              class="sc-iqHYGH dFoDCi"
              viewBox="0 0 24 24"
            >
              <polyline
                points="20 6 9 17 4 12"
              />
            </svg>
          </div>
        </div>
        <span
          class="sc-bqyKva hFXhsJ"
        >
          Test
        </span>
        <div
          class="sc-fodVxV fFWVU"
        />
      </label>
      <span
        class="sc-jrAGrp ebhOan"
      />
    </div>
    <button
      class="sc-iBPRYJ hcYpVh"
      type="submit"
    >
      Wyślij
    </button>
  </form>
</div>
`;
