// Jest Snapshot v1, https://goo.gl/fbAQLP

exports[`<CheckboxField /> matches snapshot 1`] = `
<input
  class="sc-iqHYGH eXUgkp"
  id="checkboxField"
  name="checkbox_field"
  type="checkbox"
  value="false"
/>
`;

exports[`<CheckboxField /> matches snapshot with label 1`] = `
<div>
  <form
    action="#"
    class="sc-iBPRYJ janqdG"
    id="testForm"
  >
    <div
      class="sc-fubCfw krrqIb"
    >
      <label
        class="sc-bqyKva cyvhyU"
      >
        <div
          class="sc-jrAGrp bNKtyb"
        >
          <input
            class="sc-iqHYGH eXUgkp"
            id="checkboxField"
            label="Test"
            name="checkbox_field"
            type="checkbox"
            value="false"
          />
          <div
            class="sc-crrsfI jYgHay"
          >
            <svg
              class="sc-kEjbxe fkpYrb"
              viewBox="0 0 24 24"
            >
              <polyline
                points="20 6 9 17 4 12"
              />
            </svg>
          </div>
        </div>
        <span
          class="sc-dQppl lbCxfG"
        >
          Test
        </span>
        <div
          class="sc-hBEYos eXyhIn"
        />
      </label>
      <span
        class="sc-pFZIQ lowQPr"
      />
    </div>
  </form>
</div>
`;
